// Jest Snapshot v1, https://goo.gl/fbAQLP

exports[`Use Product component renders to the page 1`] = `
<div
  className="sc-gKXOVf gaiTkr"
>
  <div
    className="sc-dkzDqf jNClnl"
  >
    <select
      className="sc-bczRLJ bvsNxk"
      defaultValue="Select Size"
      onChange={[Function]}
    >
      <option
        hidden={true}
        selected={true}
        value={0}
      >
        Select Size
      </option>
      <option
        value="12345"
      >
        M
      </option>
      <option
        value="90345"
      >
        M
      </option>
      <option
        value="145645"
      >
        M
      </option>
    </select>
    <div
      className="sc-jSMfEi sc-iBkjds chQbUE ewQnNH"
    >
      -
    </div>
  </div>
  <div
    className="sc-eCYdqJ cBRphG"
  >
    <div
      className="sc-hKMtZM dwHzza"
      onClick={[Function]}
    >
      ADD TO CART
    </div>
  </div>
</div>
`;
