// Jest Snapshot v1, https://goo.gl/fbAQLP

exports[`Use Product component renders to the page 1`] = `
<div
  className="sc-hKMtZM fXFFEN"
>
  <div
    className="sc-bczRLJ ixnobc"
  >
    <div
      className="sc-dkzDqf biAELA"
    >
      SELECT SIZE
    </div>
    <div
      className="sc-dkzDqf biAELA"
    >
      Qty
    </div>
  </div>
  <div
    className="sc-gsnTZi cwWRZv"
  >
    <div
      className="sc-dkzDqf biAELA"
    >
      ADD TO BAG
    </div>
  </div>
</div>
`;
