// Jest Snapshot v1, https://goo.gl/fbAQLP

exports[`List of Features renders to the page 1`] = `
<div
  className="sc-gsnTZi eocKDQ"
>
  <div
    className="sc-bczRLJ iEOhpD"
  >
    I am one with the force and the force is with me
  </div>
  <div
    className="sc-bczRLJ iEOhpD"
  >
    I am one with the force and the force is with me
  </div>
  <div
    className="sc-bczRLJ iEOhpD"
  >
    I am one with the force and the force is with me
  </div>
  <div
    className="sc-bczRLJ iEOhpD"
  >
    I am one with the force and the force is with me
  </div>
  <div
    className="sc-bczRLJ iEOhpD"
  >
    I am one with the force and the force is with me
  </div>
  <div
    className="sc-bczRLJ iEOhpD"
  >
    I am one with the force and the force is with me
  </div>
</div>
`;
