// Jest Snapshot v1, https://goo.gl/fbAQLP

exports[`Style Selector component renders to the page 1`] = `
<div
  className="sc-iBkjds hnPkKY"
  height={95}
>
  <div
    className="sc-bczRLJ iNXLB"
  >
    <strong>
      Style 
      &gt;
       
    </strong>
  </div>
  <div
    className="sc-gKXOVf ehZmGF"
    height={95}
  />
</div>
`;
