// Jest Snapshot v1, https://goo.gl/fbAQLP

exports[`Product Image component renders to the page 1`] = `
<div
  className="sc-iqcoie buPdTd"
>
  <div
    className="sc-iBkjds dZHXve"
  >
    <div
      className="sc-eCYdqJ iYCoDj"
    >
      <div
        className="sc-hKMtZM fkVqZn"
      />
      <div
        className="sc-jSMfEi hRYmjB"
      />
    </div>
    <div
      className="sc-bczRLJ iHbVwd"
    />
    <div
      className="sc-bczRLJ iHbVwd"
    />
    <div
      className="sc-bczRLJ iHbVwd"
    />
    <div
      className="sc-bczRLJ iHbVwd"
    />
    <div
      className="sc-gKXOVf eJFCRD"
    >
      v
    </div>
  </div>
  <div
    className="sc-ftvSup kElViT"
  >
    &lt;-
  </div>
  <div
    className="sc-kDDrLX hLpef"
  >
    <div
      className="sc-papXJ cSwewl"
    >
      []
    </div>
    <div
      className="sc-jqUVSM dBFLuP"
    >
      -&gt;
    </div>
  </div>
</div>
`;
